The volume of a cone of radius 2.300000 and height 5.100000 is 28.252343
