The surface area of a cone of radius 1.100000 and height 3.200000 is 15.494848
