Usage:
    $ ./conegeometry <height> <radius> <area_or_volume>
