the time of the max gust was 06:50 MDT with a speed of 64.440 mph
